$ vp check ⊘ cache disabled
pass: All 482 files are correctly formatted (998ms, 28 threads)
! typescript(require-array-sort-compare): Require 'compare' argument.
    ,-[docs/web-refresh/evidence/task35/validate-roster.mjs:18:33]
 17 | };
 18 | const unique = (rows, field) => [...new Set(rows.map((row) => row[field]))].sort();
    :                                 ^^^^^^^^^^^^^^^^^^^^^^^^^^^^^^^^^^^^^^^^^^^^^^^^^^
 19 | const normalize = (value) => value.replace(/\s+/g, " ").trim();
    `----

Found 0 errors and 1 warning in 96 files (735ms, 28 threads)
warn: Lint or type warnings found

$ vp build ⊘ cache disabled
transforming...
✓ 7 modules transformed.
rendering chunks...
computing gzip size...
dist/about.js  4.01 kB │ gzip: 1.91 kB │ map: 15.75 kB

✓ built in 14ms
transforming...
✓ 6 modules transformed.
rendering chunks...
computing gzip size...
dist/attend.js  3.25 kB │ gzip: 1.30 kB │ map: 13.84 kB

✓ built in 7ms
transforming...
✓ 5 modules transformed.
rendering chunks...
computing gzip size...
dist/contact.js  0.41 kB │ gzip: 0.26 kB │ map: 6.48 kB

✓ built in 8ms
transforming...
✓ 5 modules transformed.
rendering chunks...
computing gzip size...
dist/faq.js  1.86 kB │ gzip: 0.84 kB │ map: 7.73 kB

✓ built in 7ms
transforming...
✓ 5 modules transformed.
rendering chunks...
computing gzip size...
dist/gallery.js  1.95 kB │ gzip: 0.49 kB │ map: 7.82 kB

✓ built in 6ms
transforming...
✓ 3 modules transformed.
rendering chunks...
computing gzip size...
dist/hit-inquiry-routing.js  1.73 kB │ gzip: 0.87 kB │ map: 5.41 kB

✓ built in 6ms
transforming...
✓ 6 modules transformed.
rendering chunks...
computing gzip size...
dist/home.js  3.76 kB │ gzip: 1.08 kB │ map: 12.84 kB

✓ built in 7ms
transforming...
✓ 4 modules transformed.
rendering chunks...
computing gzip size...
dist/horizon.js  1.60 kB │ gzip: 0.73 kB │ map: 5.15 kB

✓ built in 7ms
transforming...
✓ 8 modules transformed.
rendering chunks...
computing gzip size...
dist/institute.js  6.75 kB │ gzip: 2.12 kB │ map: 26.98 kB

✓ built in 7ms
transforming...
✓ 6 modules transformed.
rendering chunks...
computing gzip size...
dist/institutes-calendar.css  3.40 kB │ gzip: 1.02 kB
dist/institutes-calendar.js   5.54 kB │ gzip: 2.33 kB │ map: 20.12 kB

✓ built in 8ms
transforming...
✓ 4 modules transformed.
rendering chunks...
computing gzip size...
dist/institutes.js  0.95 kB │ gzip: 0.44 kB │ map: 3.29 kB

✓ built in 6ms
transforming...
✓ 5 modules transformed.
rendering chunks...
computing gzip size...
dist/ipmi-custom-styles.css  19.31 kB │ gzip:  3.93 kB
dist/ipmi-kbyg-styles.css    75.82 kB │ gzip: 11.39 kB
dist/ipmi-kbyg.js            37.59 kB │ gzip: 12.85 kB │ map: 134.18 kB

✓ built in 178ms
transforming...
✓ 5 modules transformed.
rendering chunks...
computing gzip size...
dist/photo-accessibility.css  0.63 kB │ gzip: 0.33 kB
dist/photo-accessibility.js   2.47 kB │ gzip: 1.16 kB │ map: 9.26 kB

✓ built in 7ms
transforming...
✓ 7 modules transformed.
rendering chunks...
computing gzip size...
dist/recap.js  2.97 kB │ gzip: 1.16 kB │ map: 13.82 kB

✓ built in 7ms
transforming...
✓ 4 modules transformed.
rendering chunks...
computing gzip size...
dist/recaps.js  0.94 kB │ gzip: 0.44 kB │ map: 3.28 kB

✓ built in 6ms
transforming...
✓ 5 modules transformed.
rendering chunks...
computing gzip size...
dist/refresh-integration.css  1.37 kB │ gzip: 0.68 kB
dist/refresh-integration.js   2.55 kB │ gzip: 1.19 kB │ map: 9.55 kB

✓ built in 6ms
transforming...
✓ 5 modules transformed.
rendering chunks...
computing gzip size...
dist/site.js  2.08 kB │ gzip: 1.00 kB │ map: 7.08 kB

✓ built in 7ms
transforming...
✓ 4 modules transformed.
rendering chunks...
computing gzip size...
dist/vtt-list.js  0.62 kB │ gzip: 0.36 kB │ map: 3.61 kB

✓ built in 6ms
transforming...
✓ 8 modules transformed.
rendering chunks...
computing gzip size...
dist/vtt.js  5.05 kB │ gzip: 2.02 kB │ map: 21.95 kB

✓ built in 7ms

$ node scripts/check-style-baseline.ts ⊘ cache disabled
Style baseline passed: KBYG build/artifact and legacy global artifact are byte-identical; modern global rebuild is unchanged in memory. No CSS files written.

$ node scripts/check-kbyg-scope.ts ⊘ cache disabled
All emitted selectors are scoped to KBYG-owned content and approved nav rules.

$ node scripts/check-kbyg-global-css.ts ⊘ cache disabled
Global stylesheet unchanged (80ef3c254bef30f97398b63b0888a934085bb9b371ce4ee74e2e6b20befe4496).

$ node scripts/check-kbyg-markup.ts ⊘ cache disabled
KBYG template markup contract is valid.

$ vp test --run ⊘ cache disabled

 RUN  v4.1.11 D:/Sites/clients/ipmievents.com/webflow-frontend


 Test Files  17 passed (17)
      Tests  282 passed (282)
   Start at  15:19:16
   Duration  2.94s (transform 560ms, setup 0ms, import 4.03s, tests 3.70s, environment 3.78s)


$ node scripts/validate-kbyg.ts tests/fixtures/kbyg-cms-model.json ⊘ cache disabled
KBYG CMS model is valid.

---
vp run: 0/8 cache hit (0%). (Run `vp run --last-details` for full details)
